"string"$"This is test4 file"$"It has one empty row"$"no backslash and no quote"