@string@$@This is test8 file@$@no empty row@$@with a "quotes and \backslash\@