@string@
@This is test7 file@
@It has one empty row@
@no backslash and no quote@