@string@$@This is test5 file@$@no empty row@$@no quote and has \ backslash@