"string"
"This is test6 file"
"no empty row"
"with a *quotes and \backslash\"