@string@
@This is test3 file@
@no empty row@
@with a "quotes and no backslash@